#
# There is insufficient memory for the Java Runtime Environment to continue.
# Native memory allocation (mmap) failed to map 132120576 bytes. Error detail: G1 virtual space
# Possible reasons:
#   The system is out of physical RAM or swap space
#   This process is running with CompressedOops enabled, and the Java Heap may be blocking the growth of the native heap
# Possible solutions:
#   Reduce memory load on the system
#   Increase physical memory or swap space
#   Check if swap backing store is full
#   Decrease Java heap size (-Xmx/-Xms)
#   Decrease number of Java threads
#   Decrease Java thread stack sizes (-Xss)
#   Set larger code cache with -XX:ReservedCodeCacheSize=
#   JVM is running with Unscaled Compressed Oops mode in which the Java heap is
#     placed in the first 4GB address space. The Java Heap base address is the
#     maximum limit for the native heap growth. Please use -XX:HeapBaseMinAddress
#     to set the Java Heap base and to place the Java Heap above 4GB virtual address.
# This output file may be truncated or incomplete.
#
#  Out of Memory Error (os_windows.cpp:3828), pid=22124, tid=17256
#
# JRE version:  (21.0.5+8) (build )
# Java VM: OpenJDK 64-Bit Server VM (21.0.5+8-b631.30, mixed mode, sharing, tiered, compressed oops, compressed class ptrs, g1 gc, windows-amd64)
# No core dump will be written. Minidumps are not enabled by default on client versions of Windows
#

---------------  S U M M A R Y ------------

Command Line: git4idea.http.GitAskPassApp Username for 'https://github.com': 

Host: Intel(R) Core(TM) i5-8265U CPU @ 1.60GHz, 8 cores, 7G,  Windows 11 , 64 bit Build 22621 (10.0.22621.4830)
Time: Sat Mar  8 22:23:00 2025 Paris, Madrid elapsed time: 0.026379 seconds (0d 0h 0m 0s)

---------------  T H R E A D  ---------------

Current thread (0x0000025b81db3a70):  JavaThread "Unknown thread" [_thread_in_vm, id=17256, stack(0x00000073d3400000,0x00000073d3500000) (1024K)]

Stack: [0x00000073d3400000,0x00000073d3500000]
Native frames: (J=compiled Java code, j=interpreted, Vv=VM code, C=native code)
V  [jvm.dll+0x6e52b9]
V  [jvm.dll+0x8c3633]
V  [jvm.dll+0x8c5b8e]
V  [jvm.dll+0x8c6273]
V  [jvm.dll+0x288f46]
V  [jvm.dll+0x6e1a35]
V  [jvm.dll+0x6d5e3a]
V  [jvm.dll+0x3634bb]
V  [jvm.dll+0x36b086]
V  [jvm.dll+0x3bd346]
V  [jvm.dll+0x3bd618]
V  [jvm.dll+0x335c2c]
V  [jvm.dll+0x33691b]
V  [jvm.dll+0x88aa89]
V  [jvm.dll+0x3ca518]
V  [jvm.dll+0x873b98]
V  [jvm.dll+0x45eede]
V  [jvm.dll+0x460bc1]
C  [jli.dll+0x52ab]
C  [ucrtbase.dll+0x29333]
C  [KERNEL32.DLL+0x1259d]
C  [ntdll.dll+0x5af38]


---------------  P R O C E S S  ---------------

Threads class SMR info:
_java_thread_list=0x00007ffaa627a148, length=0, elements={
}

Java Threads: ( => current thread )
Total: 0

Other Threads:
  0x0000025b840113f0 WorkerThread "GC Thread#0"                     [id=17988, stack(0x00000073d3500000,0x00000073d3600000) (1024K)]
  0x0000025b84021ab0 ConcurrentGCThread "G1 Main Marker"            [id=6948, stack(0x00000073d3600000,0x00000073d3700000) (1024K)]
  0x0000025b84024a20 WorkerThread "G1 Conc#0"                       [id=17308, stack(0x00000073d3700000,0x00000073d3800000) (1024K)]

[error occurred during error reporting (printing all threads), id 0xc0000005, EXCEPTION_ACCESS_VIOLATION (0xc0000005) at pc=0x00007ffaa5968ce7]
VM state: not at safepoint (not fully initialized)

VM Mutex/Monitor currently owned by a thread:  ([mutex/lock_event])
[0x00007ffaa62eeb30] Heap_lock - owner thread: 0x0000025b81db3a70

Heap address: 0x0000000083e00000, size: 1986 MB, Compressed Oops mode: 32-bit

CDS archive(s) mapped at: [0x0000000000000000-0x0000000000000000-0x0000000000000000), size 0, SharedBaseAddress: 0x0000000800000000, ArchiveRelocationMode: 1.
Narrow klass base: 0x0000000000000000, Narrow klass shift: 0, Narrow klass range: 0x0

GC Precious Log:
 CardTable entry size: 512
 Card Set container configuration: InlinePtr #cards 5 size 8 Array Of Cards #cards 12 size 40 Howl #buckets 4 coarsen threshold 1843 Howl Bitmap #cards 512 size 80 coarsen threshold 460 Card regions per heap region 1 cards per card region 2048

Heap:
 garbage-first heap   total 0K, used 0K [0x0000000083e00000, 0x0000000100000000)
  region size 1024K, 0 young (0K), 0 survivors (0K)
 Metaspace       used 0K, committed 0K, reserved 0K
  class space    used 0K, committed 0K, reserved 0K

Heap Regions: E=young(eden), S=young(survivor), O=old, HS=humongous(starts), HC=humongous(continues), CS=collection set, F=free, TAMS=top-at-mark-start, PB=parsable bottom

Card table byte_map: [0x0000025b97690000,0x0000025b97a80000] _byte_map_base: 0x0000025b97271000

Marking Bits: (CMBitMap*) 0x0000025b84011990
 Bits: [0x0000025b97a80000, 0x0000025b99988000)

GC Heap History (0 events):
No events

Dll operation events (1 events):
Event: 0.016 Loaded shared library C:\Program Files\JetBrains\IntelliJ IDEA 2024.3.2\jbr\bin\java.dll

Deoptimization events (0 events):
No events

Classes loaded (0 events):
No events

Classes unloaded (0 events):
No events

Classes redefined (0 events):
No events

Internal exceptions (0 events):
No events

ZGC Phase Switch (0 events):
No events

VM Operations (0 events):
No events

Memory protections (0 events):
No events

Nmethod flushes (0 events):
No events

Events (0 events):
No events


Dynamic libraries:
0x00007ff6b44a0000 - 0x00007ff6b44aa000 	C:\Program Files\JetBrains\IntelliJ IDEA 2024.3.2\jbr\bin\java.exe
0x00007ffaf7370000 - 0x00007ffaf7587000 	C:\WINDOWS\SYSTEM32\ntdll.dll
0x00007ffaf6d50000 - 0x00007ffaf6e14000 	C:\WINDOWS\System32\KERNEL32.DLL
0x00007ffaf46e0000 - 0x00007ffaf4ab0000 	C:\WINDOWS\System32\KERNELBASE.dll
0x00007ffaf4b50000 - 0x00007ffaf4c61000 	C:\WINDOWS\System32\ucrtbase.dll
0x00007ffad8440000 - 0x00007ffad8458000 	C:\Program Files\JetBrains\IntelliJ IDEA 2024.3.2\jbr\bin\jli.dll
0x00007ffaf5340000 - 0x00007ffaf54ee000 	C:\WINDOWS\System32\USER32.dll
0x00007ffae1090000 - 0x00007ffae10ab000 	C:\Program Files\JetBrains\IntelliJ IDEA 2024.3.2\jbr\bin\VCRUNTIME140.dll
0x00007ffae4490000 - 0x00007ffae4722000 	C:\WINDOWS\WinSxS\amd64_microsoft.windows.common-controls_6595b64144ccf1df_6.0.22621.4830_none_270fe7d773858e80\COMCTL32.dll
0x00007ffaf4c70000 - 0x00007ffaf4c96000 	C:\WINDOWS\System32\win32u.dll
0x00007ffaf54f0000 - 0x00007ffaf5597000 	C:\WINDOWS\System32\msvcrt.dll
0x00007ffaf71c0000 - 0x00007ffaf71e9000 	C:\WINDOWS\System32\GDI32.dll
0x00007ffaf4ec0000 - 0x00007ffaf4fdb000 	C:\WINDOWS\System32\gdi32full.dll
0x00007ffaf4ab0000 - 0x00007ffaf4b4a000 	C:\WINDOWS\System32\msvcp_win.dll
0x00007ffaf6d10000 - 0x00007ffaf6d41000 	C:\WINDOWS\System32\IMM32.DLL
0x00007ffaee350000 - 0x00007ffaee35c000 	C:\Program Files\JetBrains\IntelliJ IDEA 2024.3.2\jbr\bin\vcruntime140_1.dll
0x00007ffab6800000 - 0x00007ffab688d000 	C:\Program Files\JetBrains\IntelliJ IDEA 2024.3.2\jbr\bin\msvcp140.dll
0x00007ffaa5620000 - 0x00007ffaa63e1000 	C:\Program Files\JetBrains\IntelliJ IDEA 2024.3.2\jbr\bin\server\jvm.dll
0x00007ffaf71f0000 - 0x00007ffaf72a1000 	C:\WINDOWS\System32\ADVAPI32.dll
0x00007ffaf55a0000 - 0x00007ffaf5647000 	C:\WINDOWS\System32\sechost.dll
0x00007ffaf4e90000 - 0x00007ffaf4eb8000 	C:\WINDOWS\System32\bcrypt.dll
0x00007ffaf5e60000 - 0x00007ffaf5f74000 	C:\WINDOWS\System32\RPCRT4.dll
0x00007ffaf6f80000 - 0x00007ffaf6ff1000 	C:\WINDOWS\System32\WS2_32.dll
0x00007ffaf34c0000 - 0x00007ffaf350d000 	C:\WINDOWS\SYSTEM32\POWRPROF.dll
0x00007ffaeddb0000 - 0x00007ffaeddba000 	C:\WINDOWS\SYSTEM32\VERSION.dll
0x00007ffaee200000 - 0x00007ffaee234000 	C:\WINDOWS\SYSTEM32\WINMM.dll
0x00007ffaf34a0000 - 0x00007ffaf34b3000 	C:\WINDOWS\SYSTEM32\UMPDC.dll
0x00007ffaf3750000 - 0x00007ffaf3768000 	C:\WINDOWS\SYSTEM32\kernel.appcore.dll
0x00007ffaedca0000 - 0x00007ffaedcaa000 	C:\Program Files\JetBrains\IntelliJ IDEA 2024.3.2\jbr\bin\jimage.dll
0x00007ffae1650000 - 0x00007ffae1882000 	C:\WINDOWS\SYSTEM32\DBGHELP.DLL
0x00007ffaf5ad0000 - 0x00007ffaf5e60000 	C:\WINDOWS\System32\combase.dll
0x00007ffaf5f80000 - 0x00007ffaf6057000 	C:\WINDOWS\System32\OLEAUT32.dll
0x00007ffad3470000 - 0x00007ffad34a2000 	C:\WINDOWS\SYSTEM32\dbgcore.DLL
0x00007ffaf4ca0000 - 0x00007ffaf4d1b000 	C:\WINDOWS\System32\bcryptPrimitives.dll
0x00007ffae1060000 - 0x00007ffae1080000 	C:\Program Files\JetBrains\IntelliJ IDEA 2024.3.2\jbr\bin\java.dll

dbghelp: loaded successfully - version: 4.0.5 - missing functions: none
symbol engine: initialized successfully - sym options: 0x614 - pdb path: .;C:\Program Files\JetBrains\IntelliJ IDEA 2024.3.2\jbr\bin;C:\WINDOWS\SYSTEM32;C:\WINDOWS\WinSxS\amd64_microsoft.windows.common-controls_6595b64144ccf1df_6.0.22621.4830_none_270fe7d773858e80;C:\Program Files\JetBrains\IntelliJ IDEA 2024.3.2\jbr\bin\server

VM Arguments:
java_command: git4idea.http.GitAskPassApp Username for 'https://github.com': 
java_class_path (initial): C:/Program Files/JetBrains/IntelliJ IDEA 2024.3.2/plugins/vcs-git/lib/git4idea-rt.jar;C:/Program Files/JetBrains/IntelliJ IDEA 2024.3.2/lib/externalProcess-rt.jar
Launcher Type: SUN_STANDARD

[Global flags]
     intx CICompilerCount                          = 4                                         {product} {ergonomic}
     uint ConcGCThreads                            = 2                                         {product} {ergonomic}
     uint G1ConcRefinementThreads                  = 8                                         {product} {ergonomic}
   size_t G1HeapRegionSize                         = 1048576                                   {product} {ergonomic}
    uintx GCDrainStackTargetSize                   = 64                                        {product} {ergonomic}
   size_t InitialHeapSize                          = 132120576                                 {product} {ergonomic}
   size_t MarkStackSize                            = 4194304                                   {product} {ergonomic}
   size_t MaxHeapSize                              = 2082471936                                {product} {ergonomic}
   size_t MinHeapDeltaBytes                        = 1048576                                   {product} {ergonomic}
   size_t MinHeapSize                              = 8388608                                   {product} {ergonomic}
    uintx NonNMethodCodeHeapSize                   = 5839372                                {pd product} {ergonomic}
    uintx NonProfiledCodeHeapSize                  = 122909434                              {pd product} {ergonomic}
    uintx ProfiledCodeHeapSize                     = 122909434                              {pd product} {ergonomic}
    uintx ReservedCodeCacheSize                    = 251658240                              {pd product} {ergonomic}
     bool SegmentedCodeCache                       = true                                      {product} {ergonomic}
   size_t SoftMaxHeapSize                          = 2082471936                             {manageable} {ergonomic}
     bool UseCompressedOops                        = true                           {product lp64_product} {ergonomic}
     bool UseG1GC                                  = true                                      {product} {ergonomic}
     bool UseLargePagesIndividualAllocation        = false                                  {pd product} {ergonomic}

Logging:
Log output configuration:
 #0: stdout all=warning uptime,level,tags foldmultilines=false
 #1: stderr all=off uptime,level,tags foldmultilines=false

Environment Variables:
JAVA_HOME=C:\Program Files\Java\jdk-22
PATH=C:\Program Files\Git\mingw64\libexec\git-core;C:\Program Files\Git\mingw64\libexec\git-core;C:\Program Files\Git\mingw64\bin;C:\Program Files\Git\usr\bin;C:\Users\Lenovo\bin;C:\oraclexe\app\oracle\product\11.2.0\server\bin;C:\Program Files\Common Files\Oracle\Java\javapath;C:\WINDOWS\system32;C:\WINDOWS;C:\WINDOWS\System32\Wbem;C:\WINDOWS\System32\WindowsPowerShell\v1.0;C:\WINDOWS\System32\OpenSSH;C:\Program Files\Intel\WiFi\bin;C:\Program Files\Common Files\Intel\WirelessCommon;C:\win_flex_bison3-latest;C:\Program Files\CodeBlocks\MinGW\bin;C:\xampp\php;C:\ProgramData\ComposerSetup\bin;C:\Program Files\nodejs;C:\Program Files\Docker\Docker\resources\bin;C:\Program Files\Java\jdk-22\bin;C:\Users\Lenovo\Downloads\apache-maven-3.9.9-bin\apache-maven-3.9.9\bin;C:\Gradle\gradle-8.10\bin;C:\Users\Lenovo\.config\herd\bin\nvm;C:\Program Files\nodejs;C:\Program Files\Java\jdk-22\bin;C:\Program Files\Git\cmd;C:\Python\Python312\Scripts;C:\Python\Python312;C:\Users\Lenovo\AppData\Local\Microsoft\WindowsApps;C:\Users\Lenovo\AppData\Local\Programs\Microsoft VS Code\bin;C:\Program Files\JetBrains\CLion 2023.3.4\bin;C:\Users\Lenovo\AppData\Roaming\Composer\vendor\bin;C:\Users\Lenovo\AppData\Roaming\npm;C:\Program Files\JetBrains\IntelliJ IDEA 2024.3.2\bin;C:\Python\Python312;C:\Program Files\Java\jdk-22\bin;C:\Users\Lenovo\Downloads\apache-maven-3.9.9-bin (1)\apache-maven-3.9.9\bin;C:\Users\Lenovo\Downloads\winlibs-x86_64-posix-seh-gcc-14.2.0-llvm-19.1.1-mingw-w64ucrt-12.0.0-r2\mingw64\bin
USERNAME=Lenovo
DISPLAY=:0.0
LC_ALL=en_US.UTF-8
TERM=xterm-256color
TMPDIR=C:\Users\Lenovo\AppData\Local\Temp
OS=Windows_NT
PROCESSOR_IDENTIFIER=Intel64 Family 6 Model 142 Stepping 12, GenuineIntel
TMP=C:\Users\Lenovo\AppData\Local\Temp
TEMP=C:\Users\Lenovo\AppData\Local\Temp




Periodic native trim disabled

JNI global refs:
JNI global refs: 0, weak refs: 0

JNI global refs memory usage: 0, weak refs: 0

Process memory usage:
Resident Set Size: 11728K (0% of 8130824K total physical memory with 758284K free physical memory)

OOME stack traces (most recent first):
Classloader memory used:

---------------  S Y S T E M  ---------------

OS:
 Windows 11 , 64 bit Build 22621 (10.0.22621.4830)
OS uptime: 8 days 10:33 hours

CPU: total 8 (initial active 8) (4 cores per cpu, 2 threads per core) family 6 model 142 stepping 12 microcode 0xea, cx8, cmov, fxsr, ht, mmx, 3dnowpref, sse, sse2, sse3, ssse3, sse4.1, sse4.2, popcnt, lzcnt, tsc, tscinvbit, avx, avx2, aes, erms, clmul, bmi1, bmi2, adx, fma, vzeroupper, clflush, clflushopt, rdtscp, f16c
Processor Information for processor 0
  Max Mhz: 1800, Current Mhz: 1500, Mhz Limit: 1584
Processor Information for processor 1
  Max Mhz: 1800, Current Mhz: 1500, Mhz Limit: 1584
Processor Information for processor 2
  Max Mhz: 1800, Current Mhz: 1500, Mhz Limit: 1584
Processor Information for processor 3
  Max Mhz: 1800, Current Mhz: 1600, Mhz Limit: 1584
Processor Information for processor 4
  Max Mhz: 1800, Current Mhz: 1600, Mhz Limit: 1584
Processor Information for processor 5
  Max Mhz: 1800, Current Mhz: 1600, Mhz Limit: 1584
Processor Information for processor 6
  Max Mhz: 1800, Current Mhz: 1600, Mhz Limit: 1584
Processor Information for processor 7
  Max Mhz: 1800, Current Mhz: 1600, Mhz Limit: 1584

Memory: 4k page, system-wide physical 7940M (740M free)
TotalPageFile size 19896M (AvailPageFile size 29M)
current process WorkingSet (physical memory assigned to process): 11M, peak: 11M
current process commit charge ("private bytes"): 60M, peak: 186M

vm_info: OpenJDK 64-Bit Server VM (21.0.5+8-b631.30) for windows-amd64 JRE (21.0.5+8-b631.30), built on 2024-12-06 by "builduser" with MS VC++ 16.10 / 16.11 (VS2019)

END.
